// without reconnect, just first connect to host

I (31) boot: ESP-IDF v5.2.1 2nd stage bootloader
I (31) boot: compile time Apr 15 2024 22:57:40
I (31) boot: Multicore bootloader
I (35) boot: chip revision: v3.1
I (39) boot.esp32: SPI Speed      : 40MHz
I (44) boot.esp32: SPI Mode       : DIO
I (48) boot.esp32: SPI Flash Size : 2MB
I (53) boot: Enabling RNG early entropy source...
I (58) boot: Partition Table:
I (62) boot: ## Label            Usage          Type ST Offset   Length
I (69) boot:  0 nvs              WiFi data        01 02 00009000 00006000
I (77) boot:  1 phy_init         RF data          01 01 0000f000 00001000
I (84) boot:  2 factory          factory app      00 00 00010000 00100000
I (92) boot: End of partition table
I (96) esp_image: segment 0: paddr=00010020 vaddr=3f400020 size=2a1f4h (172532) map
I (163) esp_image: segment 1: paddr=0003a21c vaddr=3ffbdb60 size=049ach ( 18860) load
I (171) esp_image: segment 2: paddr=0003ebd0 vaddr=40080000 size=01448h (  5192) load
I (173) esp_image: segment 3: paddr=00040020 vaddr=400d0020 size=963a4h (615332) map
I (388) esp_image: segment 4: paddr=000d63cc vaddr=40081448 size=17b54h ( 97108) load
I (439) boot: Loaded app from partition at offset 0x10000
I (439) boot: Disabling RNG early entropy source...
I (451) cpu_start: Multicore app
I (460) cpu_start: Pro cpu start user code
I (460) cpu_start: cpu freq: 160000000 Hz
I (460) cpu_start: Application information:
I (463) cpu_start: Project name:     bt_hid_keyboard_device
I (469) cpu_start: App version:      4cd42fa-dirty
I (475) cpu_start: Compile time:     Apr 16 2024 20:57:53
I (481) cpu_start: ELF file SHA256:  0418663b7...
I (486) cpu_start: ESP-IDF:          v5.2.1
I (491) cpu_start: Min chip rev:     v0.0
I (496) cpu_start: Max chip rev:     v3.99
I (500) cpu_start: Chip rev:         v3.1
I (505) heap_init: Initializing. RAM available for dynamic allocation:
I (512) heap_init: At 3FFAFF10 len 000000F0 (0 KiB): DRAM
I (518) heap_init: At 3FFB6388 len 00001C78 (7 KiB): DRAM
I (524) heap_init: At 3FFB9A20 len 00004108 (16 KiB): DRAM
I (531) heap_init: At 3FFC8298 len 00017D68 (95 KiB): DRAM
I (537) heap_init: At 3FFE0440 len 00003AE0 (14 KiB): D/IRAM
I (543) heap_init: At 3FFE4350 len 0001BCB0 (111 KiB): D/IRAM
I (550) heap_init: At 40098F9C len 00007064 (28 KiB): IRAM
I (557) spi_flash: detected chip: generic
I (560) spi_flash: flash io: dio
W (564) spi_flash: Detected size(4096k) larger than the size in the binary image header(2048k). Using the size in the binary image header.
I (578) coexist: coex firmware version: 77cd7f8
I (583) main_task: Started on CPU0
I (593) main_task: Calling app_main()
I (633) BTDM_INIT: BT controller compile version [0f0c5a2]
I (633) BTDM_INIT: Bluetooth MAC: 08:d1:f9:27:75:32
I (633) phy_init: phy_version 4791,2c4672b,Dec 20 2023,16:06:06
I (1313) app_main: setting device name
    I (1313) esp_bt_gap_cb: ESP_BT_GAP_CONFIG_EIR_DATA_EVT
I (1313) app_main: setting cod major, peripheral
I (3323) app_main: register hid device callback
I (3323) app_main: starting hid device
I (3323) esp_bt_hidd_cb: setting hid parameters
    I (3323) esp_bt_gap_cb: ESP_BT_GAP_CONFIG_EIR_DATA_EVT
I (3333) esp_bt_hidd_cb: setting hid parameters success!
I (3333) esp_bt_hidd_cb: setting to connectable, discoverable
I (3343) app_main: exiting
I (3343) main_task: Returned from app_main()
W (30133) BT_HCI: hcif conn complete: hdl 0x80, st 0x0
    I (30143) esp_bt_gap_cb: ACL connected - ESP_BT_GAP_ACL_CONN_CMPL_STAT_EVT
I (30553) esp_bt_gap_cb: authentication success: JUN-ION-NOTEBOO
I (30553) esp_bt_gap_cb: 8c 55 4a 42 9e 46
    I (30633) esp_bt_gap_cb: ESP_BT_GAP_ENC_CHG_EVT
W (30783) BT_HIDD: hidd_l2cif_config_cfm: config failed, retry
W (30793) BT_APPL: new conn_srvc id:20, app_id:1
    I (30793) esp_bt_hidd_cb: ESP_HIDD_OPEN_EVT
I (30793) esp_bt_hidd_cb: connected to 8c:55:4a:42:9e:46
I (30803) keyboard_task: Starting keyboard task
I (30803) esp_bt_hidd_cb: making self non-discoverable and non-connectable.
    I (31313) esp_bt_hidd_cb: ESP_HIDD_CLOSE_EVT
I (31313) esp_bt_hidd_cb: disconnected!
I (31313) esp_bt_hidd_cb: making self discoverable and connectable again.
W (31413) BT_HIDD: hidd_l2cif_config_cfm: config failed, retry
W (31433) BT_APPL: new conn_srvc id:20, app_id:1
    I (31433) esp_bt_hidd_cb: ESP_HIDD_OPEN_EVT
I (31433) esp_bt_hidd_cb: connected to 8c:55:4a:42:9e:46
I (31443) keyboard_task: Starting keyboard task
I (31443) esp_bt_hidd_cb: making self non-discoverable and non-connectable.
    I (31453) esp_bt_hidd_cb: ESP_HIDD_INTR_DATA_EVT
W (36633) BT_HCI: hci cmd send: sniff: hdl 0x80, intv(10 18)
W (36643) BT_HCI: hcif mode change: hdl 0x80, mode 2, intv 18, status 0x0
    I (36643) esp_bt_gap_cb: ESP_BT_GAP_MODE_CHG_EVT mode:2


ESP_BT_GAP_CONFIG_EIR_DATA_EVT      <--from-- esp_bt_dev_set_device_name("HID Keyboard Example");
ESP_BT_GAP_CONFIG_EIR_DATA_EVT      <--from-- where?
ESP_BT_GAP_ACL_CONN_CMPL_STAT_EVT
ESP_BT_GAP_ENC_CHG_EVT
    ESP_HIDD_OPEN_EVT
    ESP_HIDD_CLOSE_EVT
    ESP_HIDD_OPEN_EVT
    ESP_HIDD_INTR_DATA_EVT
ESP_BT_GAP_MODE_CHG_EVT